// Jest Snapshot v1, https://goo.gl/fbAQLP

exports[`ResourceDetail renders resource detail page 1`] = `
Array [
  <button
    name="delete-btn"
    role="button"
  >
    Delete Resource
  </button>,
  <button>
    Edit Resource
  </button>,
]
`;
